
> xenotrix@0.1.0 build
> next build

▲ Next.js 16.1.5 (Turbopack)
- Environments: .env.local

  Creating an optimized production build ...
Terminate batch job (Y/N)? 
^C